--------------------------------------------------------------------------------
Release 14.7 Trace  (nt64)
Copyright (c) 1995-2013 Xilinx, Inc.  All rights reserved.

C:\Xilinx\14.7\ISE_DS\ISE\bin\nt64\unwrapped\trce.exe -intstyle ise -v 3 -s 1
-n 3 -fastpaths -xml RippleCarryAdder_32bit.twx RippleCarryAdder_32bit.ncd -o
RippleCarryAdder_32bit.twr RippleCarryAdder_32bit.pcf

Design file:              RippleCarryAdder_32bit.ncd
Physical constraint file: RippleCarryAdder_32bit.pcf
Device,package,speed:     xc7a100t,csg324,C,-1 (PRODUCTION 1.10 2013-10-13)
Report level:             verbose report

Environment Variable      Effect 
--------------------      ------ 
NONE                      No environment variables were set
--------------------------------------------------------------------------------

INFO:Timing:2698 - No timing constraints found, doing default enumeration.
INFO:Timing:3412 - To improve timing, see the Timing Closure User Guide (UG612).
INFO:Timing:2752 - To get complete path coverage, use the unconstrained paths 
   option. All paths that are not constrained will be reported in the 
   unconstrained paths section(s) of the report.
INFO:Timing:3339 - The clock-to-out numbers in this timing report are based on 
   a 50 Ohm transmission line loading model.  For the details of this model, 
   and for more information on accounting for different loading conditions, 
   please see the device datasheet.



Data Sheet report:
-----------------
All values displayed in nanoseconds (ns)

Pad to Pad
---------------+---------------+---------+
Source Pad     |Destination Pad|  Delay  |
---------------+---------------+---------+
c_in           |c_out          |   22.614|
c_in           |sum<0>         |   10.411|
c_in           |sum<1>         |   11.152|
c_in           |sum<2>         |   11.665|
c_in           |sum<3>         |   11.491|
c_in           |sum<4>         |   10.303|
c_in           |sum<5>         |   10.679|
c_in           |sum<6>         |   11.065|
c_in           |sum<7>         |   11.212|
c_in           |sum<8>         |   14.145|
c_in           |sum<9>         |   11.989|
c_in           |sum<10>        |   12.560|
c_in           |sum<11>        |   12.543|
c_in           |sum<12>        |   13.283|
c_in           |sum<13>        |   15.140|
c_in           |sum<14>        |   15.569|
c_in           |sum<15>        |   13.859|
c_in           |sum<16>        |   16.663|
c_in           |sum<17>        |   17.895|
c_in           |sum<18>        |   18.700|
c_in           |sum<19>        |   18.704|
c_in           |sum<20>        |   19.058|
c_in           |sum<21>        |   19.275|
c_in           |sum<22>        |   19.824|
c_in           |sum<23>        |   19.613|
c_in           |sum<24>        |   20.642|
c_in           |sum<25>        |   20.615|
c_in           |sum<26>        |   20.858|
c_in           |sum<27>        |   20.874|
c_in           |sum<28>        |   21.171|
c_in           |sum<29>        |   22.087|
c_in           |sum<30>        |   22.232|
c_in           |sum<31>        |   22.618|
in1<0>         |c_out          |   20.400|
in1<0>         |sum<0>         |    9.005|
in1<0>         |sum<1>         |    8.904|
in1<0>         |sum<2>         |    9.451|
in1<0>         |sum<3>         |    9.277|
in1<0>         |sum<4>         |    8.089|
in1<0>         |sum<5>         |    8.465|
in1<0>         |sum<6>         |    8.851|
in1<0>         |sum<7>         |    8.998|
in1<0>         |sum<8>         |   11.931|
in1<0>         |sum<9>         |    9.775|
in1<0>         |sum<10>        |   10.346|
in1<0>         |sum<11>        |   10.329|
in1<0>         |sum<12>        |   11.069|
in1<0>         |sum<13>        |   12.926|
in1<0>         |sum<14>        |   13.355|
in1<0>         |sum<15>        |   11.645|
in1<0>         |sum<16>        |   14.449|
in1<0>         |sum<17>        |   15.681|
in1<0>         |sum<18>        |   16.486|
in1<0>         |sum<19>        |   16.490|
in1<0>         |sum<20>        |   16.844|
in1<0>         |sum<21>        |   17.061|
in1<0>         |sum<22>        |   17.610|
in1<0>         |sum<23>        |   17.399|
in1<0>         |sum<24>        |   18.428|
in1<0>         |sum<25>        |   18.401|
in1<0>         |sum<26>        |   18.644|
in1<0>         |sum<27>        |   18.660|
in1<0>         |sum<28>        |   18.957|
in1<0>         |sum<29>        |   19.873|
in1<0>         |sum<30>        |   20.018|
in1<0>         |sum<31>        |   20.404|
in1<1>         |c_out          |   20.768|
in1<1>         |sum<1>         |    9.302|
in1<1>         |sum<2>         |    9.819|
in1<1>         |sum<3>         |    9.645|
in1<1>         |sum<4>         |    8.457|
in1<1>         |sum<5>         |    8.833|
in1<1>         |sum<6>         |    9.219|
in1<1>         |sum<7>         |    9.366|
in1<1>         |sum<8>         |   12.299|
in1<1>         |sum<9>         |   10.143|
in1<1>         |sum<10>        |   10.714|
in1<1>         |sum<11>        |   10.697|
in1<1>         |sum<12>        |   11.437|
in1<1>         |sum<13>        |   13.294|
in1<1>         |sum<14>        |   13.723|
in1<1>         |sum<15>        |   12.013|
in1<1>         |sum<16>        |   14.817|
in1<1>         |sum<17>        |   16.049|
in1<1>         |sum<18>        |   16.854|
in1<1>         |sum<19>        |   16.858|
in1<1>         |sum<20>        |   17.212|
in1<1>         |sum<21>        |   17.429|
in1<1>         |sum<22>        |   17.978|
in1<1>         |sum<23>        |   17.767|
in1<1>         |sum<24>        |   18.796|
in1<1>         |sum<25>        |   18.769|
in1<1>         |sum<26>        |   19.012|
in1<1>         |sum<27>        |   19.028|
in1<1>         |sum<28>        |   19.325|
in1<1>         |sum<29>        |   20.241|
in1<1>         |sum<30>        |   20.386|
in1<1>         |sum<31>        |   20.772|
in1<2>         |c_out          |   20.474|
in1<2>         |sum<2>         |    9.234|
in1<2>         |sum<3>         |    9.386|
in1<2>         |sum<4>         |    8.163|
in1<2>         |sum<5>         |    8.539|
in1<2>         |sum<6>         |    8.925|
in1<2>         |sum<7>         |    9.072|
in1<2>         |sum<8>         |   12.005|
in1<2>         |sum<9>         |    9.849|
in1<2>         |sum<10>        |   10.420|
in1<2>         |sum<11>        |   10.403|
in1<2>         |sum<12>        |   11.143|
in1<2>         |sum<13>        |   13.000|
in1<2>         |sum<14>        |   13.429|
in1<2>         |sum<15>        |   11.719|
in1<2>         |sum<16>        |   14.523|
in1<2>         |sum<17>        |   15.755|
in1<2>         |sum<18>        |   16.560|
in1<2>         |sum<19>        |   16.564|
in1<2>         |sum<20>        |   16.918|
in1<2>         |sum<21>        |   17.135|
in1<2>         |sum<22>        |   17.684|
in1<2>         |sum<23>        |   17.473|
in1<2>         |sum<24>        |   18.502|
in1<2>         |sum<25>        |   18.475|
in1<2>         |sum<26>        |   18.718|
in1<2>         |sum<27>        |   18.734|
in1<2>         |sum<28>        |   19.031|
in1<2>         |sum<29>        |   19.947|
in1<2>         |sum<30>        |   20.092|
in1<2>         |sum<31>        |   20.478|
in1<3>         |c_out          |   20.457|
in1<3>         |sum<3>         |    9.369|
in1<3>         |sum<4>         |    8.146|
in1<3>         |sum<5>         |    8.522|
in1<3>         |sum<6>         |    8.908|
in1<3>         |sum<7>         |    9.055|
in1<3>         |sum<8>         |   11.988|
in1<3>         |sum<9>         |    9.832|
in1<3>         |sum<10>        |   10.403|
in1<3>         |sum<11>        |   10.386|
in1<3>         |sum<12>        |   11.126|
in1<3>         |sum<13>        |   12.983|
in1<3>         |sum<14>        |   13.412|
in1<3>         |sum<15>        |   11.702|
in1<3>         |sum<16>        |   14.506|
in1<3>         |sum<17>        |   15.738|
in1<3>         |sum<18>        |   16.543|
in1<3>         |sum<19>        |   16.547|
in1<3>         |sum<20>        |   16.901|
in1<3>         |sum<21>        |   17.118|
in1<3>         |sum<22>        |   17.667|
in1<3>         |sum<23>        |   17.456|
in1<3>         |sum<24>        |   18.485|
in1<3>         |sum<25>        |   18.458|
in1<3>         |sum<26>        |   18.701|
in1<3>         |sum<27>        |   18.717|
in1<3>         |sum<28>        |   19.014|
in1<3>         |sum<29>        |   19.930|
in1<3>         |sum<30>        |   20.075|
in1<3>         |sum<31>        |   20.461|
in1<4>         |c_out          |   19.169|
in1<4>         |sum<4>         |    7.133|
in1<4>         |sum<5>         |    7.230|
in1<4>         |sum<6>         |    7.620|
in1<4>         |sum<7>         |    7.767|
in1<4>         |sum<8>         |   10.700|
in1<4>         |sum<9>         |    8.544|
in1<4>         |sum<10>        |    9.115|
in1<4>         |sum<11>        |    9.098|
in1<4>         |sum<12>        |    9.838|
in1<4>         |sum<13>        |   11.695|
in1<4>         |sum<14>        |   12.124|
in1<4>         |sum<15>        |   10.414|
in1<4>         |sum<16>        |   13.218|
in1<4>         |sum<17>        |   14.450|
in1<4>         |sum<18>        |   15.255|
in1<4>         |sum<19>        |   15.259|
in1<4>         |sum<20>        |   15.613|
in1<4>         |sum<21>        |   15.830|
in1<4>         |sum<22>        |   16.379|
in1<4>         |sum<23>        |   16.168|
in1<4>         |sum<24>        |   17.197|
in1<4>         |sum<25>        |   17.170|
in1<4>         |sum<26>        |   17.413|
in1<4>         |sum<27>        |   17.429|
in1<4>         |sum<28>        |   17.726|
in1<4>         |sum<29>        |   18.642|
in1<4>         |sum<30>        |   18.787|
in1<4>         |sum<31>        |   19.173|
in1<5>         |c_out          |   19.106|
in1<5>         |sum<5>         |    7.137|
in1<5>         |sum<6>         |    7.557|
in1<5>         |sum<7>         |    7.704|
in1<5>         |sum<8>         |   10.637|
in1<5>         |sum<9>         |    8.481|
in1<5>         |sum<10>        |    9.052|
in1<5>         |sum<11>        |    9.035|
in1<5>         |sum<12>        |    9.775|
in1<5>         |sum<13>        |   11.632|
in1<5>         |sum<14>        |   12.061|
in1<5>         |sum<15>        |   10.351|
in1<5>         |sum<16>        |   13.155|
in1<5>         |sum<17>        |   14.387|
in1<5>         |sum<18>        |   15.192|
in1<5>         |sum<19>        |   15.196|
in1<5>         |sum<20>        |   15.550|
in1<5>         |sum<21>        |   15.767|
in1<5>         |sum<22>        |   16.316|
in1<5>         |sum<23>        |   16.105|
in1<5>         |sum<24>        |   17.134|
in1<5>         |sum<25>        |   17.107|
in1<5>         |sum<26>        |   17.350|
in1<5>         |sum<27>        |   17.366|
in1<5>         |sum<28>        |   17.663|
in1<5>         |sum<29>        |   18.579|
in1<5>         |sum<30>        |   18.724|
in1<5>         |sum<31>        |   19.110|
in1<6>         |c_out          |   18.516|
in1<6>         |sum<6>         |    6.352|
in1<6>         |sum<7>         |    7.149|
in1<6>         |sum<8>         |   10.047|
in1<6>         |sum<9>         |    7.891|
in1<6>         |sum<10>        |    8.462|
in1<6>         |sum<11>        |    8.445|
in1<6>         |sum<12>        |    9.185|
in1<6>         |sum<13>        |   11.042|
in1<6>         |sum<14>        |   11.471|
in1<6>         |sum<15>        |    9.761|
in1<6>         |sum<16>        |   12.565|
in1<6>         |sum<17>        |   13.797|
in1<6>         |sum<18>        |   14.602|
in1<6>         |sum<19>        |   14.606|
in1<6>         |sum<20>        |   14.960|
in1<6>         |sum<21>        |   15.177|
in1<6>         |sum<22>        |   15.726|
in1<6>         |sum<23>        |   15.515|
in1<6>         |sum<24>        |   16.544|
in1<6>         |sum<25>        |   16.517|
in1<6>         |sum<26>        |   16.760|
in1<6>         |sum<27>        |   16.776|
in1<6>         |sum<28>        |   17.073|
in1<6>         |sum<29>        |   17.989|
in1<6>         |sum<30>        |   18.134|
in1<6>         |sum<31>        |   18.520|
in1<7>         |c_out          |   18.903|
in1<7>         |sum<7>         |    7.534|
in1<7>         |sum<8>         |   10.434|
in1<7>         |sum<9>         |    8.278|
in1<7>         |sum<10>        |    8.849|
in1<7>         |sum<11>        |    8.832|
in1<7>         |sum<12>        |    9.572|
in1<7>         |sum<13>        |   11.429|
in1<7>         |sum<14>        |   11.858|
in1<7>         |sum<15>        |   10.148|
in1<7>         |sum<16>        |   12.952|
in1<7>         |sum<17>        |   14.184|
in1<7>         |sum<18>        |   14.989|
in1<7>         |sum<19>        |   14.993|
in1<7>         |sum<20>        |   15.347|
in1<7>         |sum<21>        |   15.564|
in1<7>         |sum<22>        |   16.113|
in1<7>         |sum<23>        |   15.902|
in1<7>         |sum<24>        |   16.931|
in1<7>         |sum<25>        |   16.904|
in1<7>         |sum<26>        |   17.147|
in1<7>         |sum<27>        |   17.163|
in1<7>         |sum<28>        |   17.460|
in1<7>         |sum<29>        |   18.376|
in1<7>         |sum<30>        |   18.521|
in1<7>         |sum<31>        |   18.907|
in1<8>         |c_out          |   17.669|
in1<8>         |sum<8>         |    9.214|
in1<8>         |sum<9>         |    7.010|
in1<8>         |sum<10>        |    7.615|
in1<8>         |sum<11>        |    7.598|
in1<8>         |sum<12>        |    8.338|
in1<8>         |sum<13>        |   10.195|
in1<8>         |sum<14>        |   10.624|
in1<8>         |sum<15>        |    8.914|
in1<8>         |sum<16>        |   11.718|
in1<8>         |sum<17>        |   12.950|
in1<8>         |sum<18>        |   13.755|
in1<8>         |sum<19>        |   13.759|
in1<8>         |sum<20>        |   14.113|
in1<8>         |sum<21>        |   14.330|
in1<8>         |sum<22>        |   14.879|
in1<8>         |sum<23>        |   14.668|
in1<8>         |sum<24>        |   15.697|
in1<8>         |sum<25>        |   15.670|
in1<8>         |sum<26>        |   15.913|
in1<8>         |sum<27>        |   15.929|
in1<8>         |sum<28>        |   16.226|
in1<8>         |sum<29>        |   17.142|
in1<8>         |sum<30>        |   17.287|
in1<8>         |sum<31>        |   17.673|
in1<9>         |c_out          |   17.884|
in1<9>         |sum<9>         |    7.257|
in1<9>         |sum<10>        |    7.830|
in1<9>         |sum<11>        |    7.813|
in1<9>         |sum<12>        |    8.553|
in1<9>         |sum<13>        |   10.410|
in1<9>         |sum<14>        |   10.839|
in1<9>         |sum<15>        |    9.129|
in1<9>         |sum<16>        |   11.933|
in1<9>         |sum<17>        |   13.165|
in1<9>         |sum<18>        |   13.970|
in1<9>         |sum<19>        |   13.974|
in1<9>         |sum<20>        |   14.328|
in1<9>         |sum<21>        |   14.545|
in1<9>         |sum<22>        |   15.094|
in1<9>         |sum<23>        |   14.883|
in1<9>         |sum<24>        |   15.912|
in1<9>         |sum<25>        |   15.885|
in1<9>         |sum<26>        |   16.128|
in1<9>         |sum<27>        |   16.144|
in1<9>         |sum<28>        |   16.441|
in1<9>         |sum<29>        |   17.357|
in1<9>         |sum<30>        |   17.502|
in1<9>         |sum<31>        |   17.888|
in1<10>        |c_out          |   17.622|
in1<10>        |sum<10>        |    6.819|
in1<10>        |sum<11>        |    7.586|
in1<10>        |sum<12>        |    8.291|
in1<10>        |sum<13>        |   10.148|
in1<10>        |sum<14>        |   10.577|
in1<10>        |sum<15>        |    8.867|
in1<10>        |sum<16>        |   11.671|
in1<10>        |sum<17>        |   12.903|
in1<10>        |sum<18>        |   13.708|
in1<10>        |sum<19>        |   13.712|
in1<10>        |sum<20>        |   14.066|
in1<10>        |sum<21>        |   14.283|
in1<10>        |sum<22>        |   14.832|
in1<10>        |sum<23>        |   14.621|
in1<10>        |sum<24>        |   15.650|
in1<10>        |sum<25>        |   15.623|
in1<10>        |sum<26>        |   15.866|
in1<10>        |sum<27>        |   15.882|
in1<10>        |sum<28>        |   16.179|
in1<10>        |sum<29>        |   17.095|
in1<10>        |sum<30>        |   17.240|
in1<10>        |sum<31>        |   17.626|
in1<11>        |c_out          |   17.818|
in1<11>        |sum<11>        |    7.782|
in1<11>        |sum<12>        |    8.487|
in1<11>        |sum<13>        |   10.344|
in1<11>        |sum<14>        |   10.773|
in1<11>        |sum<15>        |    9.063|
in1<11>        |sum<16>        |   11.867|
in1<11>        |sum<17>        |   13.099|
in1<11>        |sum<18>        |   13.904|
in1<11>        |sum<19>        |   13.908|
in1<11>        |sum<20>        |   14.262|
in1<11>        |sum<21>        |   14.479|
in1<11>        |sum<22>        |   15.028|
in1<11>        |sum<23>        |   14.817|
in1<11>        |sum<24>        |   15.846|
in1<11>        |sum<25>        |   15.819|
in1<11>        |sum<26>        |   16.062|
in1<11>        |sum<27>        |   16.078|
in1<11>        |sum<28>        |   16.375|
in1<11>        |sum<29>        |   17.291|
in1<11>        |sum<30>        |   17.436|
in1<11>        |sum<31>        |   17.822|
in1<12>        |c_out          |   16.599|
in1<12>        |sum<12>        |    6.804|
in1<12>        |sum<13>        |    9.123|
in1<12>        |sum<14>        |    9.554|
in1<12>        |sum<15>        |    7.844|
in1<12>        |sum<16>        |   10.648|
in1<12>        |sum<17>        |   11.880|
in1<12>        |sum<18>        |   12.685|
in1<12>        |sum<19>        |   12.689|
in1<12>        |sum<20>        |   13.043|
in1<12>        |sum<21>        |   13.260|
in1<12>        |sum<22>        |   13.809|
in1<12>        |sum<23>        |   13.598|
in1<12>        |sum<24>        |   14.627|
in1<12>        |sum<25>        |   14.600|
in1<12>        |sum<26>        |   14.843|
in1<12>        |sum<27>        |   14.859|
in1<12>        |sum<28>        |   15.156|
in1<12>        |sum<29>        |   16.072|
in1<12>        |sum<30>        |   16.217|
in1<12>        |sum<31>        |   16.603|
in1<13>        |c_out          |   16.748|
in1<13>        |sum<13>        |    9.270|
in1<13>        |sum<14>        |    9.703|
in1<13>        |sum<15>        |    7.993|
in1<13>        |sum<16>        |   10.797|
in1<13>        |sum<17>        |   12.029|
in1<13>        |sum<18>        |   12.834|
in1<13>        |sum<19>        |   12.838|
in1<13>        |sum<20>        |   13.192|
in1<13>        |sum<21>        |   13.409|
in1<13>        |sum<22>        |   13.958|
in1<13>        |sum<23>        |   13.747|
in1<13>        |sum<24>        |   14.776|
in1<13>        |sum<25>        |   14.749|
in1<13>        |sum<26>        |   14.992|
in1<13>        |sum<27>        |   15.008|
in1<13>        |sum<28>        |   15.305|
in1<13>        |sum<29>        |   16.221|
in1<13>        |sum<30>        |   16.366|
in1<13>        |sum<31>        |   16.752|
in1<14>        |c_out          |   16.342|
in1<14>        |sum<14>        |    8.510|
in1<14>        |sum<15>        |    7.622|
in1<14>        |sum<16>        |   10.391|
in1<14>        |sum<17>        |   11.623|
in1<14>        |sum<18>        |   12.428|
in1<14>        |sum<19>        |   12.432|
in1<14>        |sum<20>        |   12.786|
in1<14>        |sum<21>        |   13.003|
in1<14>        |sum<22>        |   13.552|
in1<14>        |sum<23>        |   13.341|
in1<14>        |sum<24>        |   14.370|
in1<14>        |sum<25>        |   14.343|
in1<14>        |sum<26>        |   14.586|
in1<14>        |sum<27>        |   14.602|
in1<14>        |sum<28>        |   14.899|
in1<14>        |sum<29>        |   15.815|
in1<14>        |sum<30>        |   15.960|
in1<14>        |sum<31>        |   16.346|
in1<15>        |c_out          |   16.246|
in1<15>        |sum<15>        |    7.524|
in1<15>        |sum<16>        |   10.295|
in1<15>        |sum<17>        |   11.527|
in1<15>        |sum<18>        |   12.332|
in1<15>        |sum<19>        |   12.336|
in1<15>        |sum<20>        |   12.690|
in1<15>        |sum<21>        |   12.907|
in1<15>        |sum<22>        |   13.456|
in1<15>        |sum<23>        |   13.245|
in1<15>        |sum<24>        |   14.274|
in1<15>        |sum<25>        |   14.247|
in1<15>        |sum<26>        |   14.490|
in1<15>        |sum<27>        |   14.506|
in1<15>        |sum<28>        |   14.803|
in1<15>        |sum<29>        |   15.719|
in1<15>        |sum<30>        |   15.864|
in1<15>        |sum<31>        |   16.250|
in1<16>        |c_out          |   14.497|
in1<16>        |sum<16>        |    8.670|
in1<16>        |sum<17>        |    9.745|
in1<16>        |sum<18>        |   10.583|
in1<16>        |sum<19>        |   10.587|
in1<16>        |sum<20>        |   10.941|
in1<16>        |sum<21>        |   11.158|
in1<16>        |sum<22>        |   11.707|
in1<16>        |sum<23>        |   11.496|
in1<16>        |sum<24>        |   12.525|
in1<16>        |sum<25>        |   12.498|
in1<16>        |sum<26>        |   12.741|
in1<16>        |sum<27>        |   12.757|
in1<16>        |sum<28>        |   13.054|
in1<16>        |sum<29>        |   13.970|
in1<16>        |sum<30>        |   14.115|
in1<16>        |sum<31>        |   14.501|
in1<17>        |c_out          |   14.823|
in1<17>        |sum<17>        |   10.105|
in1<17>        |sum<18>        |   10.909|
in1<17>        |sum<19>        |   10.913|
in1<17>        |sum<20>        |   11.267|
in1<17>        |sum<21>        |   11.484|
in1<17>        |sum<22>        |   12.033|
in1<17>        |sum<23>        |   11.822|
in1<17>        |sum<24>        |   12.851|
in1<17>        |sum<25>        |   12.824|
in1<17>        |sum<26>        |   13.067|
in1<17>        |sum<27>        |   13.083|
in1<17>        |sum<28>        |   13.380|
in1<17>        |sum<29>        |   14.296|
in1<17>        |sum<30>        |   14.441|
in1<17>        |sum<31>        |   14.827|
in1<18>        |c_out          |   14.676|
in1<18>        |sum<18>        |   10.723|
in1<18>        |sum<19>        |   10.766|
in1<18>        |sum<20>        |   11.120|
in1<18>        |sum<21>        |   11.337|
in1<18>        |sum<22>        |   11.886|
in1<18>        |sum<23>        |   11.675|
in1<18>        |sum<24>        |   12.704|
in1<18>        |sum<25>        |   12.677|
in1<18>        |sum<26>        |   12.920|
in1<18>        |sum<27>        |   12.936|
in1<18>        |sum<28>        |   13.233|
in1<18>        |sum<29>        |   14.149|
in1<18>        |sum<30>        |   14.294|
in1<18>        |sum<31>        |   14.680|
in1<19>        |c_out          |   14.484|
in1<19>        |sum<19>        |   10.574|
in1<19>        |sum<20>        |   10.928|
in1<19>        |sum<21>        |   11.145|
in1<19>        |sum<22>        |   11.694|
in1<19>        |sum<23>        |   11.483|
in1<19>        |sum<24>        |   12.512|
in1<19>        |sum<25>        |   12.485|
in1<19>        |sum<26>        |   12.728|
in1<19>        |sum<27>        |   12.744|
in1<19>        |sum<28>        |   13.041|
in1<19>        |sum<29>        |   13.957|
in1<19>        |sum<30>        |   14.102|
in1<19>        |sum<31>        |   14.488|
in1<20>        |c_out          |   12.334|
in1<20>        |sum<20>        |    8.783|
in1<20>        |sum<21>        |    8.963|
in1<20>        |sum<22>        |    9.544|
in1<20>        |sum<23>        |    9.333|
in1<20>        |sum<24>        |   10.362|
in1<20>        |sum<25>        |   10.335|
in1<20>        |sum<26>        |   10.578|
in1<20>        |sum<27>        |   10.594|
in1<20>        |sum<28>        |   10.891|
in1<20>        |sum<29>        |   11.807|
in1<20>        |sum<30>        |   11.952|
in1<20>        |sum<31>        |   12.338|
in1<21>        |c_out          |   12.702|
in1<21>        |sum<21>        |    9.365|
in1<21>        |sum<22>        |    9.912|
in1<21>        |sum<23>        |    9.701|
in1<21>        |sum<24>        |   10.730|
in1<21>        |sum<25>        |   10.703|
in1<21>        |sum<26>        |   10.946|
in1<21>        |sum<27>        |   10.962|
in1<21>        |sum<28>        |   11.259|
in1<21>        |sum<29>        |   12.175|
in1<21>        |sum<30>        |   12.320|
in1<21>        |sum<31>        |   12.706|
in1<22>        |c_out          |   11.893|
in1<22>        |sum<22>        |    8.426|
in1<22>        |sum<23>        |    8.923|
in1<22>        |sum<24>        |    9.921|
in1<22>        |sum<25>        |    9.894|
in1<22>        |sum<26>        |   10.137|
in1<22>        |sum<27>        |   10.153|
in1<22>        |sum<28>        |   10.450|
in1<22>        |sum<29>        |   11.366|
in1<22>        |sum<30>        |   11.511|
in1<22>        |sum<31>        |   11.897|
in1<23>        |c_out          |   12.268|
in1<23>        |sum<23>        |    9.300|
in1<23>        |sum<24>        |   10.296|
in1<23>        |sum<25>        |   10.269|
in1<23>        |sum<26>        |   10.512|
in1<23>        |sum<27>        |   10.528|
in1<23>        |sum<28>        |   10.825|
in1<23>        |sum<29>        |   11.741|
in1<23>        |sum<30>        |   11.886|
in1<23>        |sum<31>        |   12.272|
in1<24>        |c_out          |   11.527|
in1<24>        |sum<24>        |    8.831|
in1<24>        |sum<25>        |    9.528|
in1<24>        |sum<26>        |    9.771|
in1<24>        |sum<27>        |    9.787|
in1<24>        |sum<28>        |   10.084|
in1<24>        |sum<29>        |   11.000|
in1<24>        |sum<30>        |   11.145|
in1<24>        |sum<31>        |   11.531|
in1<25>        |c_out          |   11.425|
in1<25>        |sum<25>        |    9.428|
in1<25>        |sum<26>        |    9.669|
in1<25>        |sum<27>        |    9.685|
in1<25>        |sum<28>        |    9.982|
in1<25>        |sum<29>        |   10.898|
in1<25>        |sum<30>        |   11.043|
in1<25>        |sum<31>        |   11.429|
in1<26>        |c_out          |   11.015|
in1<26>        |sum<26>        |    9.384|
in1<26>        |sum<27>        |    9.308|
in1<26>        |sum<28>        |    9.572|
in1<26>        |sum<29>        |   10.488|
in1<26>        |sum<30>        |   10.633|
in1<26>        |sum<31>        |   11.019|
in1<27>        |c_out          |   10.728|
in1<27>        |sum<27>        |    9.019|
in1<27>        |sum<28>        |    9.285|
in1<27>        |sum<29>        |   10.201|
in1<27>        |sum<30>        |   10.346|
in1<27>        |sum<31>        |   10.732|
in1<28>        |c_out          |    9.611|
in1<28>        |sum<28>        |    8.529|
in1<28>        |sum<29>        |    9.051|
in1<28>        |sum<30>        |    9.229|
in1<28>        |sum<31>        |    9.615|
in1<29>        |c_out          |    9.549|
in1<29>        |sum<29>        |    9.021|
in1<29>        |sum<30>        |    9.167|
in1<29>        |sum<31>        |    9.553|
in1<30>        |c_out          |    8.113|
in1<30>        |sum<30>        |    8.938|
in1<30>        |sum<31>        |    8.150|
in1<31>        |c_out          |    7.656|
in1<31>        |sum<31>        |    7.692|
in2<0>         |c_out          |   20.775|
in2<0>         |sum<0>         |    8.685|
in2<0>         |sum<1>         |    9.313|
in2<0>         |sum<2>         |    9.826|
in2<0>         |sum<3>         |    9.652|
in2<0>         |sum<4>         |    8.464|
in2<0>         |sum<5>         |    8.840|
in2<0>         |sum<6>         |    9.226|
in2<0>         |sum<7>         |    9.373|
in2<0>         |sum<8>         |   12.306|
in2<0>         |sum<9>         |   10.150|
in2<0>         |sum<10>        |   10.721|
in2<0>         |sum<11>        |   10.704|
in2<0>         |sum<12>        |   11.444|
in2<0>         |sum<13>        |   13.301|
in2<0>         |sum<14>        |   13.730|
in2<0>         |sum<15>        |   12.020|
in2<0>         |sum<16>        |   14.824|
in2<0>         |sum<17>        |   16.056|
in2<0>         |sum<18>        |   16.861|
in2<0>         |sum<19>        |   16.865|
in2<0>         |sum<20>        |   17.219|
in2<0>         |sum<21>        |   17.436|
in2<0>         |sum<22>        |   17.985|
in2<0>         |sum<23>        |   17.774|
in2<0>         |sum<24>        |   18.803|
in2<0>         |sum<25>        |   18.776|
in2<0>         |sum<26>        |   19.019|
in2<0>         |sum<27>        |   19.035|
in2<0>         |sum<28>        |   19.332|
in2<0>         |sum<29>        |   20.248|
in2<0>         |sum<30>        |   20.393|
in2<0>         |sum<31>        |   20.779|
in2<1>         |c_out          |   20.861|
in2<1>         |sum<1>         |    9.397|
in2<1>         |sum<2>         |    9.912|
in2<1>         |sum<3>         |    9.738|
in2<1>         |sum<4>         |    8.550|
in2<1>         |sum<5>         |    8.926|
in2<1>         |sum<6>         |    9.312|
in2<1>         |sum<7>         |    9.459|
in2<1>         |sum<8>         |   12.392|
in2<1>         |sum<9>         |   10.236|
in2<1>         |sum<10>        |   10.807|
in2<1>         |sum<11>        |   10.790|
in2<1>         |sum<12>        |   11.530|
in2<1>         |sum<13>        |   13.387|
in2<1>         |sum<14>        |   13.816|
in2<1>         |sum<15>        |   12.106|
in2<1>         |sum<16>        |   14.910|
in2<1>         |sum<17>        |   16.142|
in2<1>         |sum<18>        |   16.947|
in2<1>         |sum<19>        |   16.951|
in2<1>         |sum<20>        |   17.305|
in2<1>         |sum<21>        |   17.522|
in2<1>         |sum<22>        |   18.071|
in2<1>         |sum<23>        |   17.860|
in2<1>         |sum<24>        |   18.889|
in2<1>         |sum<25>        |   18.862|
in2<1>         |sum<26>        |   19.105|
in2<1>         |sum<27>        |   19.121|
in2<1>         |sum<28>        |   19.418|
in2<1>         |sum<29>        |   20.334|
in2<1>         |sum<30>        |   20.479|
in2<1>         |sum<31>        |   20.865|
in2<2>         |c_out          |   20.057|
in2<2>         |sum<2>         |    9.201|
in2<2>         |sum<3>         |    8.967|
in2<2>         |sum<4>         |    7.746|
in2<2>         |sum<5>         |    8.122|
in2<2>         |sum<6>         |    8.508|
in2<2>         |sum<7>         |    8.655|
in2<2>         |sum<8>         |   11.588|
in2<2>         |sum<9>         |    9.432|
in2<2>         |sum<10>        |   10.003|
in2<2>         |sum<11>        |    9.986|
in2<2>         |sum<12>        |   10.726|
in2<2>         |sum<13>        |   12.583|
in2<2>         |sum<14>        |   13.012|
in2<2>         |sum<15>        |   11.302|
in2<2>         |sum<16>        |   14.106|
in2<2>         |sum<17>        |   15.338|
in2<2>         |sum<18>        |   16.143|
in2<2>         |sum<19>        |   16.147|
in2<2>         |sum<20>        |   16.501|
in2<2>         |sum<21>        |   16.718|
in2<2>         |sum<22>        |   17.267|
in2<2>         |sum<23>        |   17.056|
in2<2>         |sum<24>        |   18.085|
in2<2>         |sum<25>        |   18.058|
in2<2>         |sum<26>        |   18.301|
in2<2>         |sum<27>        |   18.317|
in2<2>         |sum<28>        |   18.614|
in2<2>         |sum<29>        |   19.530|
in2<2>         |sum<30>        |   19.675|
in2<2>         |sum<31>        |   20.061|
in2<3>         |c_out          |   19.988|
in2<3>         |sum<3>         |    8.898|
in2<3>         |sum<4>         |    7.677|
in2<3>         |sum<5>         |    8.053|
in2<3>         |sum<6>         |    8.439|
in2<3>         |sum<7>         |    8.586|
in2<3>         |sum<8>         |   11.519|
in2<3>         |sum<9>         |    9.363|
in2<3>         |sum<10>        |    9.934|
in2<3>         |sum<11>        |    9.917|
in2<3>         |sum<12>        |   10.657|
in2<3>         |sum<13>        |   12.514|
in2<3>         |sum<14>        |   12.943|
in2<3>         |sum<15>        |   11.233|
in2<3>         |sum<16>        |   14.037|
in2<3>         |sum<17>        |   15.269|
in2<3>         |sum<18>        |   16.074|
in2<3>         |sum<19>        |   16.078|
in2<3>         |sum<20>        |   16.432|
in2<3>         |sum<21>        |   16.649|
in2<3>         |sum<22>        |   17.198|
in2<3>         |sum<23>        |   16.987|
in2<3>         |sum<24>        |   18.016|
in2<3>         |sum<25>        |   17.989|
in2<3>         |sum<26>        |   18.232|
in2<3>         |sum<27>        |   18.248|
in2<3>         |sum<28>        |   18.545|
in2<3>         |sum<29>        |   19.461|
in2<3>         |sum<30>        |   19.606|
in2<3>         |sum<31>        |   19.992|
in2<4>         |c_out          |   19.273|
in2<4>         |sum<4>         |    7.411|
in2<4>         |sum<5>         |    7.336|
in2<4>         |sum<6>         |    7.724|
in2<4>         |sum<7>         |    7.871|
in2<4>         |sum<8>         |   10.804|
in2<4>         |sum<9>         |    8.648|
in2<4>         |sum<10>        |    9.219|
in2<4>         |sum<11>        |    9.202|
in2<4>         |sum<12>        |    9.942|
in2<4>         |sum<13>        |   11.799|
in2<4>         |sum<14>        |   12.228|
in2<4>         |sum<15>        |   10.518|
in2<4>         |sum<16>        |   13.322|
in2<4>         |sum<17>        |   14.554|
in2<4>         |sum<18>        |   15.359|
in2<4>         |sum<19>        |   15.363|
in2<4>         |sum<20>        |   15.717|
in2<4>         |sum<21>        |   15.934|
in2<4>         |sum<22>        |   16.483|
in2<4>         |sum<23>        |   16.272|
in2<4>         |sum<24>        |   17.301|
in2<4>         |sum<25>        |   17.274|
in2<4>         |sum<26>        |   17.517|
in2<4>         |sum<27>        |   17.533|
in2<4>         |sum<28>        |   17.830|
in2<4>         |sum<29>        |   18.746|
in2<4>         |sum<30>        |   18.891|
in2<4>         |sum<31>        |   19.277|
in2<5>         |c_out          |   19.434|
in2<5>         |sum<5>         |    7.499|
in2<5>         |sum<6>         |    7.885|
in2<5>         |sum<7>         |    8.032|
in2<5>         |sum<8>         |   10.965|
in2<5>         |sum<9>         |    8.809|
in2<5>         |sum<10>        |    9.380|
in2<5>         |sum<11>        |    9.363|
in2<5>         |sum<12>        |   10.103|
in2<5>         |sum<13>        |   11.960|
in2<5>         |sum<14>        |   12.389|
in2<5>         |sum<15>        |   10.679|
in2<5>         |sum<16>        |   13.483|
in2<5>         |sum<17>        |   14.715|
in2<5>         |sum<18>        |   15.520|
in2<5>         |sum<19>        |   15.524|
in2<5>         |sum<20>        |   15.878|
in2<5>         |sum<21>        |   16.095|
in2<5>         |sum<22>        |   16.644|
in2<5>         |sum<23>        |   16.433|
in2<5>         |sum<24>        |   17.462|
in2<5>         |sum<25>        |   17.435|
in2<5>         |sum<26>        |   17.678|
in2<5>         |sum<27>        |   17.694|
in2<5>         |sum<28>        |   17.991|
in2<5>         |sum<29>        |   18.907|
in2<5>         |sum<30>        |   19.052|
in2<5>         |sum<31>        |   19.438|
in2<6>         |c_out          |   18.992|
in2<6>         |sum<6>         |    7.152|
in2<6>         |sum<7>         |    7.625|
in2<6>         |sum<8>         |   10.523|
in2<6>         |sum<9>         |    8.367|
in2<6>         |sum<10>        |    8.938|
in2<6>         |sum<11>        |    8.921|
in2<6>         |sum<12>        |    9.661|
in2<6>         |sum<13>        |   11.518|
in2<6>         |sum<14>        |   11.947|
in2<6>         |sum<15>        |   10.237|
in2<6>         |sum<16>        |   13.041|
in2<6>         |sum<17>        |   14.273|
in2<6>         |sum<18>        |   15.078|
in2<6>         |sum<19>        |   15.082|
in2<6>         |sum<20>        |   15.436|
in2<6>         |sum<21>        |   15.653|
in2<6>         |sum<22>        |   16.202|
in2<6>         |sum<23>        |   15.991|
in2<6>         |sum<24>        |   17.020|
in2<6>         |sum<25>        |   16.993|
in2<6>         |sum<26>        |   17.236|
in2<6>         |sum<27>        |   17.252|
in2<6>         |sum<28>        |   17.549|
in2<6>         |sum<29>        |   18.465|
in2<6>         |sum<30>        |   18.610|
in2<6>         |sum<31>        |   18.996|
in2<7>         |c_out          |   18.842|
in2<7>         |sum<7>         |    7.473|
in2<7>         |sum<8>         |   10.373|
in2<7>         |sum<9>         |    8.217|
in2<7>         |sum<10>        |    8.788|
in2<7>         |sum<11>        |    8.771|
in2<7>         |sum<12>        |    9.511|
in2<7>         |sum<13>        |   11.368|
in2<7>         |sum<14>        |   11.797|
in2<7>         |sum<15>        |   10.087|
in2<7>         |sum<16>        |   12.891|
in2<7>         |sum<17>        |   14.123|
in2<7>         |sum<18>        |   14.928|
in2<7>         |sum<19>        |   14.932|
in2<7>         |sum<20>        |   15.286|
in2<7>         |sum<21>        |   15.503|
in2<7>         |sum<22>        |   16.052|
in2<7>         |sum<23>        |   15.841|
in2<7>         |sum<24>        |   16.870|
in2<7>         |sum<25>        |   16.843|
in2<7>         |sum<26>        |   17.086|
in2<7>         |sum<27>        |   17.102|
in2<7>         |sum<28>        |   17.399|
in2<7>         |sum<29>        |   18.315|
in2<7>         |sum<30>        |   18.460|
in2<7>         |sum<31>        |   18.846|
in2<8>         |c_out          |   18.121|
in2<8>         |sum<8>         |    9.048|
in2<8>         |sum<9>         |    7.492|
in2<8>         |sum<10>        |    8.067|
in2<8>         |sum<11>        |    8.050|
in2<8>         |sum<12>        |    8.790|
in2<8>         |sum<13>        |   10.647|
in2<8>         |sum<14>        |   11.076|
in2<8>         |sum<15>        |    9.366|
in2<8>         |sum<16>        |   12.170|
in2<8>         |sum<17>        |   13.402|
in2<8>         |sum<18>        |   14.207|
in2<8>         |sum<19>        |   14.211|
in2<8>         |sum<20>        |   14.565|
in2<8>         |sum<21>        |   14.782|
in2<8>         |sum<22>        |   15.331|
in2<8>         |sum<23>        |   15.120|
in2<8>         |sum<24>        |   16.149|
in2<8>         |sum<25>        |   16.122|
in2<8>         |sum<26>        |   16.365|
in2<8>         |sum<27>        |   16.381|
in2<8>         |sum<28>        |   16.678|
in2<8>         |sum<29>        |   17.594|
in2<8>         |sum<30>        |   17.739|
in2<8>         |sum<31>        |   18.125|
in2<9>         |c_out          |   18.114|
in2<9>         |sum<9>         |    7.489|
in2<9>         |sum<10>        |    8.060|
in2<9>         |sum<11>        |    8.043|
in2<9>         |sum<12>        |    8.783|
in2<9>         |sum<13>        |   10.640|
in2<9>         |sum<14>        |   11.069|
in2<9>         |sum<15>        |    9.359|
in2<9>         |sum<16>        |   12.163|
in2<9>         |sum<17>        |   13.395|
in2<9>         |sum<18>        |   14.200|
in2<9>         |sum<19>        |   14.204|
in2<9>         |sum<20>        |   14.558|
in2<9>         |sum<21>        |   14.775|
in2<9>         |sum<22>        |   15.324|
in2<9>         |sum<23>        |   15.113|
in2<9>         |sum<24>        |   16.142|
in2<9>         |sum<25>        |   16.115|
in2<9>         |sum<26>        |   16.358|
in2<9>         |sum<27>        |   16.374|
in2<9>         |sum<28>        |   16.671|
in2<9>         |sum<29>        |   17.587|
in2<9>         |sum<30>        |   17.732|
in2<9>         |sum<31>        |   18.118|
in2<10>        |c_out          |   17.727|
in2<10>        |sum<10>        |    7.289|
in2<10>        |sum<11>        |    7.689|
in2<10>        |sum<12>        |    8.396|
in2<10>        |sum<13>        |   10.253|
in2<10>        |sum<14>        |   10.682|
in2<10>        |sum<15>        |    8.972|
in2<10>        |sum<16>        |   11.776|
in2<10>        |sum<17>        |   13.008|
in2<10>        |sum<18>        |   13.813|
in2<10>        |sum<19>        |   13.817|
in2<10>        |sum<20>        |   14.171|
in2<10>        |sum<21>        |   14.388|
in2<10>        |sum<22>        |   14.937|
in2<10>        |sum<23>        |   14.726|
in2<10>        |sum<24>        |   15.755|
in2<10>        |sum<25>        |   15.728|
in2<10>        |sum<26>        |   15.971|
in2<10>        |sum<27>        |   15.987|
in2<10>        |sum<28>        |   16.284|
in2<10>        |sum<29>        |   17.200|
in2<10>        |sum<30>        |   17.345|
in2<10>        |sum<31>        |   17.731|
in2<11>        |c_out          |   17.620|
in2<11>        |sum<11>        |    7.582|
in2<11>        |sum<12>        |    8.289|
in2<11>        |sum<13>        |   10.146|
in2<11>        |sum<14>        |   10.575|
in2<11>        |sum<15>        |    8.865|
in2<11>        |sum<16>        |   11.669|
in2<11>        |sum<17>        |   12.901|
in2<11>        |sum<18>        |   13.706|
in2<11>        |sum<19>        |   13.710|
in2<11>        |sum<20>        |   14.064|
in2<11>        |sum<21>        |   14.281|
in2<11>        |sum<22>        |   14.830|
in2<11>        |sum<23>        |   14.619|
in2<11>        |sum<24>        |   15.648|
in2<11>        |sum<25>        |   15.621|
in2<11>        |sum<26>        |   15.864|
in2<11>        |sum<27>        |   15.880|
in2<11>        |sum<28>        |   16.177|
in2<11>        |sum<29>        |   17.093|
in2<11>        |sum<30>        |   17.238|
in2<11>        |sum<31>        |   17.624|
in2<12>        |c_out          |   16.677|
in2<12>        |sum<12>        |    7.360|
in2<12>        |sum<13>        |    9.169|
in2<12>        |sum<14>        |    9.632|
in2<12>        |sum<15>        |    7.922|
in2<12>        |sum<16>        |   10.726|
in2<12>        |sum<17>        |   11.958|
in2<12>        |sum<18>        |   12.763|
in2<12>        |sum<19>        |   12.767|
in2<12>        |sum<20>        |   13.121|
in2<12>        |sum<21>        |   13.338|
in2<12>        |sum<22>        |   13.887|
in2<12>        |sum<23>        |   13.676|
in2<12>        |sum<24>        |   14.705|
in2<12>        |sum<25>        |   14.678|
in2<12>        |sum<26>        |   14.921|
in2<12>        |sum<27>        |   14.937|
in2<12>        |sum<28>        |   15.234|
in2<12>        |sum<29>        |   16.150|
in2<12>        |sum<30>        |   16.295|
in2<12>        |sum<31>        |   16.681|
in2<13>        |c_out          |   16.969|
in2<13>        |sum<13>        |    9.495|
in2<13>        |sum<14>        |    9.924|
in2<13>        |sum<15>        |    8.214|
in2<13>        |sum<16>        |   11.018|
in2<13>        |sum<17>        |   12.250|
in2<13>        |sum<18>        |   13.055|
in2<13>        |sum<19>        |   13.059|
in2<13>        |sum<20>        |   13.413|
in2<13>        |sum<21>        |   13.630|
in2<13>        |sum<22>        |   14.179|
in2<13>        |sum<23>        |   13.968|
in2<13>        |sum<24>        |   14.997|
in2<13>        |sum<25>        |   14.970|
in2<13>        |sum<26>        |   15.213|
in2<13>        |sum<27>        |   15.229|
in2<13>        |sum<28>        |   15.526|
in2<13>        |sum<29>        |   16.442|
in2<13>        |sum<30>        |   16.587|
in2<13>        |sum<31>        |   16.973|
in2<14>        |c_out          |   16.390|
in2<14>        |sum<14>        |    9.232|
in2<14>        |sum<15>        |    7.668|
in2<14>        |sum<16>        |   10.439|
in2<14>        |sum<17>        |   11.671|
in2<14>        |sum<18>        |   12.476|
in2<14>        |sum<19>        |   12.480|
in2<14>        |sum<20>        |   12.834|
in2<14>        |sum<21>        |   13.051|
in2<14>        |sum<22>        |   13.600|
in2<14>        |sum<23>        |   13.389|
in2<14>        |sum<24>        |   14.418|
in2<14>        |sum<25>        |   14.391|
in2<14>        |sum<26>        |   14.634|
in2<14>        |sum<27>        |   14.650|
in2<14>        |sum<28>        |   14.947|
in2<14>        |sum<29>        |   15.863|
in2<14>        |sum<30>        |   16.008|
in2<14>        |sum<31>        |   16.394|
in2<15>        |c_out          |   16.328|
in2<15>        |sum<15>        |    7.608|
in2<15>        |sum<16>        |   10.377|
in2<15>        |sum<17>        |   11.609|
in2<15>        |sum<18>        |   12.414|
in2<15>        |sum<19>        |   12.418|
in2<15>        |sum<20>        |   12.772|
in2<15>        |sum<21>        |   12.989|
in2<15>        |sum<22>        |   13.538|
in2<15>        |sum<23>        |   13.327|
in2<15>        |sum<24>        |   14.356|
in2<15>        |sum<25>        |   14.329|
in2<15>        |sum<26>        |   14.572|
in2<15>        |sum<27>        |   14.588|
in2<15>        |sum<28>        |   14.885|
in2<15>        |sum<29>        |   15.801|
in2<15>        |sum<30>        |   15.946|
in2<15>        |sum<31>        |   16.332|
in2<16>        |c_out          |   14.704|
in2<16>        |sum<16>        |    9.104|
in2<16>        |sum<17>        |    9.986|
in2<16>        |sum<18>        |   10.790|
in2<16>        |sum<19>        |   10.794|
in2<16>        |sum<20>        |   11.148|
in2<16>        |sum<21>        |   11.365|
in2<16>        |sum<22>        |   11.914|
in2<16>        |sum<23>        |   11.703|
in2<16>        |sum<24>        |   12.732|
in2<16>        |sum<25>        |   12.705|
in2<16>        |sum<26>        |   12.948|
in2<16>        |sum<27>        |   12.964|
in2<16>        |sum<28>        |   13.261|
in2<16>        |sum<29>        |   14.177|
in2<16>        |sum<30>        |   14.322|
in2<16>        |sum<31>        |   14.708|
in2<17>        |c_out          |   14.452|
in2<17>        |sum<17>        |    9.733|
in2<17>        |sum<18>        |   10.538|
in2<17>        |sum<19>        |   10.542|
in2<17>        |sum<20>        |   10.896|
in2<17>        |sum<21>        |   11.113|
in2<17>        |sum<22>        |   11.662|
in2<17>        |sum<23>        |   11.451|
in2<17>        |sum<24>        |   12.480|
in2<17>        |sum<25>        |   12.453|
in2<17>        |sum<26>        |   12.696|
in2<17>        |sum<27>        |   12.712|
in2<17>        |sum<28>        |   13.009|
in2<17>        |sum<29>        |   13.925|
in2<17>        |sum<30>        |   14.070|
in2<17>        |sum<31>        |   14.456|
in2<18>        |c_out          |   13.733|
in2<18>        |sum<18>        |    9.978|
in2<18>        |sum<19>        |    9.791|
in2<18>        |sum<20>        |   10.177|
in2<18>        |sum<21>        |   10.394|
in2<18>        |sum<22>        |   10.943|
in2<18>        |sum<23>        |   10.732|
in2<18>        |sum<24>        |   11.761|
in2<18>        |sum<25>        |   11.734|
in2<18>        |sum<26>        |   11.977|
in2<18>        |sum<27>        |   11.993|
in2<18>        |sum<28>        |   12.290|
in2<18>        |sum<29>        |   13.206|
in2<18>        |sum<30>        |   13.351|
in2<18>        |sum<31>        |   13.737|
in2<19>        |c_out          |   14.052|
in2<19>        |sum<19>        |   10.143|
in2<19>        |sum<20>        |   10.496|
in2<19>        |sum<21>        |   10.713|
in2<19>        |sum<22>        |   11.262|
in2<19>        |sum<23>        |   11.051|
in2<19>        |sum<24>        |   12.080|
in2<19>        |sum<25>        |   12.053|
in2<19>        |sum<26>        |   12.296|
in2<19>        |sum<27>        |   12.312|
in2<19>        |sum<28>        |   12.609|
in2<19>        |sum<29>        |   13.525|
in2<19>        |sum<30>        |   13.670|
in2<19>        |sum<31>        |   14.056|
in2<20>        |c_out          |   12.107|
in2<20>        |sum<20>        |    8.094|
in2<20>        |sum<21>        |    8.768|
in2<20>        |sum<22>        |    9.317|
in2<20>        |sum<23>        |    9.106|
in2<20>        |sum<24>        |   10.135|
in2<20>        |sum<25>        |   10.108|
in2<20>        |sum<26>        |   10.351|
in2<20>        |sum<27>        |   10.367|
in2<20>        |sum<28>        |   10.664|
in2<20>        |sum<29>        |   11.580|
in2<20>        |sum<30>        |   11.725|
in2<20>        |sum<31>        |   12.111|
in2<21>        |c_out          |   11.921|
in2<21>        |sum<21>        |    8.584|
in2<21>        |sum<22>        |    9.131|
in2<21>        |sum<23>        |    8.920|
in2<21>        |sum<24>        |    9.949|
in2<21>        |sum<25>        |    9.922|
in2<21>        |sum<26>        |   10.165|
in2<21>        |sum<27>        |   10.181|
in2<21>        |sum<28>        |   10.478|
in2<21>        |sum<29>        |   11.394|
in2<21>        |sum<30>        |   11.539|
in2<21>        |sum<31>        |   11.925|
in2<22>        |c_out          |   11.555|
in2<22>        |sum<22>        |    8.093|
in2<22>        |sum<23>        |    8.587|
in2<22>        |sum<24>        |    9.583|
in2<22>        |sum<25>        |    9.556|
in2<22>        |sum<26>        |    9.799|
in2<22>        |sum<27>        |    9.815|
in2<22>        |sum<28>        |   10.112|
in2<22>        |sum<29>        |   11.028|
in2<22>        |sum<30>        |   11.173|
in2<22>        |sum<31>        |   11.559|
in2<23>        |c_out          |   11.651|
in2<23>        |sum<23>        |    8.683|
in2<23>        |sum<24>        |    9.679|
in2<23>        |sum<25>        |    9.652|
in2<23>        |sum<26>        |    9.895|
in2<23>        |sum<27>        |    9.911|
in2<23>        |sum<28>        |   10.208|
in2<23>        |sum<29>        |   11.124|
in2<23>        |sum<30>        |   11.269|
in2<23>        |sum<31>        |   11.655|
in2<24>        |c_out          |   10.445|
in2<24>        |sum<24>        |    7.858|
in2<24>        |sum<25>        |    8.414|
in2<24>        |sum<26>        |    8.689|
in2<24>        |sum<27>        |    8.705|
in2<24>        |sum<28>        |    9.002|
in2<24>        |sum<29>        |    9.918|
in2<24>        |sum<30>        |   10.063|
in2<24>        |sum<31>        |   10.449|
in2<25>        |c_out          |   10.598|
in2<25>        |sum<25>        |    8.601|
in2<25>        |sum<26>        |    8.842|
in2<25>        |sum<27>        |    8.858|
in2<25>        |sum<28>        |    9.155|
in2<25>        |sum<29>        |   10.071|
in2<25>        |sum<30>        |   10.216|
in2<25>        |sum<31>        |   10.602|
in2<26>        |c_out          |   10.166|
in2<26>        |sum<26>        |    8.024|
in2<26>        |sum<27>        |    8.459|
in2<26>        |sum<28>        |    8.723|
in2<26>        |sum<29>        |    9.639|
in2<26>        |sum<30>        |    9.784|
in2<26>        |sum<31>        |   10.170|
in2<27>        |c_out          |   10.323|
in2<27>        |sum<27>        |    8.616|
in2<27>        |sum<28>        |    8.880|
in2<27>        |sum<29>        |    9.796|
in2<27>        |sum<30>        |    9.941|
in2<27>        |sum<31>        |   10.327|
in2<28>        |c_out          |   10.044|
in2<28>        |sum<28>        |    8.843|
in2<28>        |sum<29>        |    9.516|
in2<28>        |sum<30>        |    9.662|
in2<28>        |sum<31>        |   10.048|
in2<29>        |c_out          |    9.857|
in2<29>        |sum<29>        |    9.329|
in2<29>        |sum<30>        |    9.475|
in2<29>        |sum<31>        |    9.861|
in2<30>        |c_out          |    7.194|
in2<30>        |sum<30>        |    8.582|
in2<30>        |sum<31>        |    7.230|
in2<31>        |c_out          |    9.435|
in2<31>        |sum<31>        |    9.471|
---------------+---------------+---------+


Analysis completed Fri Aug 26 15:39:13 2022 
--------------------------------------------------------------------------------

Trace Settings:
-------------------------
Trace Settings 

Peak Memory Usage: 5001 MB



