Release 14.7 - xst P.20131013 (nt64)
Copyright (c) 1995-2013 Xilinx, Inc.  All rights reserved.
--> Parameter TMPDIR set to xst/projnav.tmp


Total REAL time to Xst completion: 0.00 secs
Total CPU time to Xst completion: 0.13 secs
 
--> Parameter xsthdpdir set to xst


Total REAL time to Xst completion: 0.00 secs
Total CPU time to Xst completion: 0.13 secs
 
--> Reading design: Struct_4_bit_counter.prj

TABLE OF CONTENTS
  1) Synthesis Options Summary
  2) HDL Compilation
  3) Design Hierarchy Analysis
  4) HDL Analysis
  5) HDL Synthesis
     5.1) HDL Synthesis Report
  6) Advanced HDL Synthesis
     6.1) Advanced HDL Synthesis Report
  7) Low Level Synthesis
  8) Partition Report
  9) Final Report
	9.1) Device utilization summary
	9.2) Partition Resource Summary
	9.3) TIMING REPORT


=========================================================================
*                      Synthesis Options Summary                        *
=========================================================================
---- Source Parameters
Input File Name                    : "Struct_4_bit_counter.prj"
Input Format                       : mixed
Ignore Synthesis Constraint File   : NO

---- Target Parameters
Output File Name                   : "Struct_4_bit_counter"
Output Format                      : NGC
Target Device                      : xc3s400-4-pq208

---- Source Options
Top Module Name                    : Struct_4_bit_counter
Automatic FSM Extraction           : YES
FSM Encoding Algorithm             : Auto
Safe Implementation                : No
FSM Style                          : LUT
RAM Extraction                     : Yes
RAM Style                          : Auto
ROM Extraction                     : Yes
Mux Style                          : Auto
Decoder Extraction                 : YES
Priority Encoder Extraction        : Yes
Shift Register Extraction          : YES
Logical Shifter Extraction         : YES
XOR Collapsing                     : YES
ROM Style                          : Auto
Mux Extraction                     : Yes
Resource Sharing                   : YES
Asynchronous To Synchronous        : NO
Multiplier Style                   : Auto
Automatic Register Balancing       : No

---- Target Options
Add IO Buffers                     : YES
Global Maximum Fanout              : 100000
Add Generic Clock Buffer(BUFG)     : 8
Register Duplication               : YES
Slice Packing                      : YES
Optimize Instantiated Primitives   : NO
Use Clock Enable                   : Yes
Use Synchronous Set                : Yes
Use Synchronous Reset              : Yes
Pack IO Registers into IOBs        : Auto
Equivalent register Removal        : YES

---- General Options
Optimization Goal                  : Speed
Optimization Effort                : 1
Keep Hierarchy                     : No
Netlist Hierarchy                  : As_Optimized
RTL Output                         : Yes
Global Optimization                : AllClockNets
Read Cores                         : YES
Write Timing Constraints           : NO
Cross Clock Analysis               : NO
Hierarchy Separator                : /
Bus Delimiter                      : <>
Case Specifier                     : Maintain
Slice Utilization Ratio            : 100
BRAM Utilization Ratio             : 100
Verilog 2001                       : YES
Auto BRAM Packing                  : NO
Slice Utilization Ratio Delta      : 5

=========================================================================


=========================================================================
*                          HDL Compilation                              *
=========================================================================
Compiling verilog file "DFF.v" in library work
Compiling verilog file "Clock_Divider.v" in library work
Module <DFF> compiled
Compiling verilog file "Add_by_1.v" in library work
Module <Clock_Divider> compiled
Compiling verilog file "Struct_4_bit_counter.v" in library work
Module <Add_by_1> compiled
Module <Struct_4_bit_counter> compiled
No errors in compilation
Analysis of file <"Struct_4_bit_counter.prj"> succeeded.
 

=========================================================================
*                     Design Hierarchy Analysis                         *
=========================================================================
Analyzing hierarchy for module <Struct_4_bit_counter> in library <work>.

Analyzing hierarchy for module <Clock_Divider> in library <work> with parameters.
	DIVISOR = "0000001111010000100100000000"

Analyzing hierarchy for module <DFF> in library <work>.

Analyzing hierarchy for module <Add_by_1> in library <work>.


=========================================================================
*                            HDL Analysis                               *
=========================================================================
Analyzing top module <Struct_4_bit_counter>.
Module <Struct_4_bit_counter> is correct for synthesis.
 
Analyzing module <Clock_Divider> in library <work>.
	DIVISOR = 28'b0000001111010000100100000000
Module <Clock_Divider> is correct for synthesis.
 
Analyzing module <DFF> in library <work>.
Module <DFF> is correct for synthesis.
 
Analyzing module <Add_by_1> in library <work>.
Module <Add_by_1> is correct for synthesis.
 

=========================================================================
*                           HDL Synthesis                               *
=========================================================================

Performing bidirectional port resolution...

Synthesizing Unit <Clock_Divider>.
    Related source file is "Clock_Divider.v".
    Found 1-bit register for signal <clock_out>.
    Found 28-bit comparator less for signal <clock_out$cmp_lt0000> created at line 16.
    Found 28-bit up counter for signal <counter>.
    Found 28-bit comparator greatequal for signal <counter$cmp_ge0000> created at line 14.
    Summary:
	inferred   1 Counter(s).
	inferred   1 D-type flip-flop(s).
	inferred   2 Comparator(s).
Unit <Clock_Divider> synthesized.


Synthesizing Unit <DFF>.
    Related source file is "DFF.v".
    Found 1-bit register for signal <Q>.
    Summary:
	inferred   1 D-type flip-flop(s).
Unit <DFF> synthesized.


Synthesizing Unit <Add_by_1>.
    Related source file is "Add_by_1.v".
    Found 3-bit xor2 for signal <out_<3:1>>.
Unit <Add_by_1> synthesized.


Synthesizing Unit <Struct_4_bit_counter>.
    Related source file is "Struct_4_bit_counter.v".
Unit <Struct_4_bit_counter> synthesized.


=========================================================================
HDL Synthesis Report

Macro Statistics
# Counters                                             : 1
 28-bit up counter                                     : 1
# Registers                                            : 5
 1-bit register                                        : 5
# Comparators                                          : 2
 28-bit comparator greatequal                          : 1
 28-bit comparator less                                : 1
# Xors                                                 : 3
 1-bit xor2                                            : 3

=========================================================================

=========================================================================
*                       Advanced HDL Synthesis                          *
=========================================================================


=========================================================================
Advanced HDL Synthesis Report

Macro Statistics
# Counters                                             : 1
 28-bit up counter                                     : 1
# Registers                                            : 5
 Flip-Flops                                            : 5
# Comparators                                          : 2
 28-bit comparator greatequal                          : 1
 28-bit comparator less                                : 1
# Xors                                                 : 3
 1-bit xor2                                            : 3

=========================================================================

=========================================================================
*                         Low Level Synthesis                           *
=========================================================================

Optimizing unit <Struct_4_bit_counter> ...

Mapping all equations...
Building and optimizing final netlist ...
Found area constraint ratio of 100 (+ 5) on block Struct_4_bit_counter, actual ratio is 0.

Final Macro Processing ...

=========================================================================
Final Register Report

Macro Statistics
# Registers                                            : 33
 Flip-Flops                                            : 33

=========================================================================

=========================================================================
*                           Partition Report                            *
=========================================================================

Partition Implementation Status
-------------------------------

  No Partitions were found in this design.

-------------------------------

=========================================================================
*                            Final Report                               *
=========================================================================
Final Results
RTL Top Level Output File Name     : Struct_4_bit_counter.ngr
Top Level Output File Name         : Struct_4_bit_counter
Output Format                      : NGC
Optimization Goal                  : Speed
Keep Hierarchy                     : No

Design Statistics
# IOs                              : 6

Cell Usage :
# BELS                             : 127
#      GND                         : 1
#      INV                         : 4
#      LUT1                        : 32
#      LUT2                        : 3
#      LUT3                        : 3
#      LUT4                        : 9
#      MUXCY                       : 46
#      VCC                         : 1
#      XORCY                       : 28
# FlipFlops/Latches                : 33
#      FDC                         : 4
#      FDR                         : 29
# Clock Buffers                    : 1
#      BUFGP                       : 1
# IO Buffers                       : 5
#      IBUF                        : 1
#      OBUF                        : 4
=========================================================================

Device utilization summary:
---------------------------

Selected Device : 3s400pq208-4 

 Number of Slices:                       28  out of   3584     0%  
 Number of Slice Flip Flops:             33  out of   7168     0%  
 Number of 4 input LUTs:                 51  out of   7168     0%  
 Number of IOs:                           6
 Number of bonded IOBs:                   6  out of    141     4%  
 Number of GCLKs:                         1  out of      8    12%  

---------------------------
Partition Resource Summary:
---------------------------

  No Partitions were found in this design.

---------------------------


=========================================================================
TIMING REPORT

NOTE: THESE TIMING NUMBERS ARE ONLY A SYNTHESIS ESTIMATE.
      FOR ACCURATE TIMING INFORMATION PLEASE REFER TO THE TRACE REPORT
      GENERATED AFTER PLACE-and-ROUTE.

Clock Information:
------------------
-----------------------------------+------------------------+-------+
Clock Signal                       | Clock buffer(FF name)  | Load  |
-----------------------------------+------------------------+-------+
clk                                | BUFGP                  | 29    |
clk_div/clock_out                  | NONE(dff3/Q)           | 4     |
-----------------------------------+------------------------+-------+
INFO:Xst:2169 - HDL ADVISOR - Some clock signals were not automatically buffered by XST with BUFG/BUFR resources. Please use the buffer_type constraint in order to insert these buffers to the clock signals to help prevent skew problems.

Asynchronous Control Signals Information:
----------------------------------------
-----------------------------------+------------------------+-------+
Control Signal                     | Buffer(FF name)        | Load  |
-----------------------------------+------------------------+-------+
rstn                               | IBUF                   | 4     |
-----------------------------------+------------------------+-------+

Timing Summary:
---------------
Speed Grade: -4

   Minimum period: 6.636ns (Maximum Frequency: 150.689MHz)
   Minimum input arrival time before clock: No path found
   Maximum output required time after clock: 7.285ns
   Maximum combinational path delay: No path found

Timing Detail:
--------------
All values displayed in nanoseconds (ns)

=========================================================================
Timing constraint: Default period analysis for Clock 'clk'
  Clock period: 6.636ns (frequency: 150.689MHz)
  Total number of paths / destination ports: 1211 / 57
-------------------------------------------------------------------------
Delay:               6.636ns (Levels of Logic = 11)
  Source:            clk_div/counter_0 (FF)
  Destination:       clk_div/counter_0 (FF)
  Source Clock:      clk rising
  Destination Clock: clk rising

  Data Path: clk_div/counter_0 to clk_div/counter_0
                                Gate     Net
    Cell:in->out      fanout   Delay   Delay  Logical Name (Net Name)
    ----------------------------------------  ------------
     FDR:C->Q              2   0.720   1.216  clk_div/counter_0 (clk_div/counter_0)
     LUT4:I0->O            1   0.551   0.000  clk_div/Mcompar_clock_out_cmp_lt0000_lut<0> (clk_div/Mcompar_clock_out_cmp_lt0000_lut<0>)
     MUXCY:S->O            1   0.500   0.000  clk_div/Mcompar_clock_out_cmp_lt0000_cy<0>_0 (clk_div/Mcompar_clock_out_cmp_lt0000_cy<0>1)
     MUXCY:CI->O           1   0.064   0.000  clk_div/Mcompar_clock_out_cmp_lt0000_cy<1>_0 (clk_div/Mcompar_clock_out_cmp_lt0000_cy<1>1)
     MUXCY:CI->O           1   0.064   0.000  clk_div/Mcompar_clock_out_cmp_lt0000_cy<2>_0 (clk_div/Mcompar_clock_out_cmp_lt0000_cy<2>1)
     MUXCY:CI->O           1   0.064   0.000  clk_div/Mcompar_clock_out_cmp_lt0000_cy<3>_0 (clk_div/Mcompar_clock_out_cmp_lt0000_cy<3>1)
     MUXCY:CI->O           1   0.064   0.000  clk_div/Mcompar_clock_out_cmp_lt0000_cy<4>_0 (clk_div/Mcompar_clock_out_cmp_lt0000_cy<4>1)
     MUXCY:CI->O           1   0.064   0.000  clk_div/Mcompar_clock_out_cmp_lt0000_cy<5>_0 (clk_div/Mcompar_clock_out_cmp_lt0000_cy<5>1)
     MUXCY:CI->O           1   0.064   0.000  clk_div/Mcompar_clock_out_cmp_lt0000_cy<6>_0 (clk_div/Mcompar_clock_out_cmp_lt0000_cy<6>1)
     MUXCY:CI->O           1   0.064   0.000  clk_div/Mcompar_clock_out_cmp_lt0000_cy<7>_0 (clk_div/Mcompar_clock_out_cmp_lt0000_cy<7>1)
     MUXCY:CI->O           1   0.064   0.000  clk_div/Mcompar_clock_out_cmp_lt0000_cy<8>_0 (clk_div/Mcompar_clock_out_cmp_lt0000_cy<8>1)
     MUXCY:CI->O          28   0.281   1.830  clk_div/Mcompar_clock_out_cmp_lt0000_cy<9> (clk_div/counter_cmp_ge0000)
     FDR:R                     1.026          clk_div/counter_0
    ----------------------------------------
    Total                      6.636ns (3.590ns logic, 3.046ns route)
                                       (54.1% logic, 45.9% route)

=========================================================================
Timing constraint: Default period analysis for Clock 'clk_div/clock_out'
  Clock period: 3.196ns (frequency: 312.891MHz)
  Total number of paths / destination ports: 10 / 4
-------------------------------------------------------------------------
Delay:               3.196ns (Levels of Logic = 1)
  Source:            dff0/Q (FF)
  Destination:       dff0/Q (FF)
  Source Clock:      clk_div/clock_out rising
  Destination Clock: clk_div/clock_out rising

  Data Path: dff0/Q to dff0/Q
                                Gate     Net
    Cell:in->out      fanout   Delay   Delay  Logical Name (Net Name)
    ----------------------------------------  ------------
     FDC:C->Q              5   0.720   0.921  dff0/Q (dff0/Q)
     INV:I->O              1   0.551   0.801  add/out__0_not00001_INV_0 (temp<0>)
     FDC:D                     0.203          dff0/Q
    ----------------------------------------
    Total                      3.196ns (1.474ns logic, 1.722ns route)
                                       (46.1% logic, 53.9% route)

=========================================================================
Timing constraint: Default OFFSET OUT AFTER for Clock 'clk_div/clock_out'
  Total number of paths / destination ports: 4 / 4
-------------------------------------------------------------------------
Offset:              7.285ns (Levels of Logic = 1)
  Source:            dff0/Q (FF)
  Destination:       out<0> (PAD)
  Source Clock:      clk_div/clock_out rising

  Data Path: dff0/Q to out<0>
                                Gate     Net
    Cell:in->out      fanout   Delay   Delay  Logical Name (Net Name)
    ----------------------------------------  ------------
     FDC:C->Q              5   0.720   0.921  dff0/Q (dff0/Q)
     OBUF:I->O                 5.644          out_0_OBUF (out<0>)
    ----------------------------------------
    Total                      7.285ns (6.364ns logic, 0.921ns route)
                                       (87.4% logic, 12.6% route)

=========================================================================


Total REAL time to Xst completion: 4.00 secs
Total CPU time to Xst completion: 3.97 secs
 
--> 

Total memory usage is 4497100 kilobytes

Number of errors   :    0 (   0 filtered)
Number of warnings :    0 (   0 filtered)
Number of infos    :    1 (   0 filtered)

